[     4.066ms] SERVER LISTENING on 0.0.0.0:53999
[    12.764ms] mdns: publishing %s on port %d
[    12.828ms] MDNS PUBLISHED instance="serato-capture @ chrisle-m4-mac-263.local" port=53999 hostname=chrisle-m4-mac-263.local
[    12.847ms] --- WAITING FOR SERATO TO CONNECT ---
[  7824.181ms] CONN#1 OPEN from 192.168.1.120:57581
[  7824.705ms] CONN#1 <- raw 28B  2f 50 69 6e 67 00 00 00 2c 00 00 00 4c aa c2 ae 35 b1 c4 76 db 5a 64 44 03 bd 41 70
[  7824.948ms] CONN#1 <- OSC  /Ping  [(no args)]
[  7825.143ms] CONN#1 -> raw 28B  2f 50 69 6e 67 00 00 00 2c 00 00 00 4c aa c2 ae 35 b1 c4 76 db 5a 64 44 03 bd 41 70
[  7825.170ms] CONN#1 -> OSC  /Ping  [(no args)]
[  7855.877ms] CONN#2 OPEN from 192.168.1.120:57582
[  7856.078ms] CONN#2 <- raw 84B  2f 53 74 72 65 61 6d 4d 67 6d 74 2f 41 75 74 68 6f 72 69 7a 65 2f 52 65 71 75 65 73 74 00 00 00 2c 62 69 69 00 00 00 00 00 00 00 10 d0 4d 98 bc f0 1c 2f 38 8b f3 2b 1e 36 c3 8d 74 00 00 00 01 00 00 00 01 4c aa c2 ae 35 b1 c4 76 db 5a 64 44 03 bd 41 70
[  7856.214ms] CONN#2 <- OSC  /StreamMgmt/Authorize/Request  [? i:1 i:1]
[  7856.242ms] CONN#2 STRATEGY=mirror_then_pair PEER_UUID=np-mac-1 responding to Authorize/Request
[  7856.312ms] CONN#2 -> raw 84B  2f 53 74 72 65 61 6d 4d 67 6d 74 2f 41 75 74 68 6f 72 69 7a 65 2f 52 65 73 70 6f 6e 73 65 00 00 2c 62 69 69 00 00 00 00 00 00 00 10 d0 4d 98 bc f0 1c 2f 38 8b f3 2b 1e 36 c3 8d 74 00 00 00 01 00 00 00 01 4c aa c2 ae 35 b1 c4 76 db 5a 64 44 03 bd 41 70
[  7856.323ms] CONN#2 -> OSC  /StreamMgmt/Authorize/Response  [? i:1 i:1]
[  7907.733ms] CONN#2 -> raw 80B  2f 53 74 72 65 61 6d 4d 67 6d 74 2f 50 61 69 72 69 6e 67 2f 50 61 69 72 00 00 00 00 2c 73 73 69 00 00 00 00 4e 6f 77 20 50 6c 61 79 69 6e 67 00 6e 70 2d 6d 61 63 2d 31 00 00 00 00 00 00 00 01 4c aa c2 ae 35 b1 c4 76 db 5a 64 44 03 bd 41 70
[  7907.832ms] CONN#2 -> OSC  /StreamMgmt/Pairing/Pair  [s:"Now Playing" s:"np-mac-1" i:1]
[ 17796.111ms] CONN#1 <- raw 28B  2f 50 69 6e 67 00 00 00 2c 00 00 00 4c aa c2 ae 35 b1 c4 76 db 5a 64 44 03 bd 41 70
[ 17796.428ms] CONN#1 <- OSC  /Ping  [(no args)]
[ 17796.512ms] CONN#1 -> raw 28B  2f 50 69 6e 67 00 00 00 2c 00 00 00 4c aa c2 ae 35 b1 c4 76 db 5a 64 44 03 bd 41 70
[ 17796.536ms] CONN#1 -> OSC  /Ping  [(no args)]
[ 26689.189ms] SHUTDOWN
