MAIN=Serato DJ Pro  base=0x102428000  size=103743488
== exports:*!*OSCEvent* (0 matches)
== exports:*!*Marshaller* (4 matches)
   0x18dfc525c  /System/Library/Frameworks/AudioToolbox.framework/Versions/A/AudioToolbox!_ZN27AudioUnitPropertyMarshaller16CreateMarshallerEj
   0x18dfc525c  /System/Library/PrivateFrameworks/AudioToolboxCore.framework/Versions/A/AudioToolboxCore!_ZN27AudioUnitPropertyMarshaller16CreateMarshallerEj
   0x19d5c7df0  /usr/lib/libAudioToolboxUtility.dylib!_ZN18PropertyMarshaller9SerializeEjPKvjNS_13EClientServerE
   0x19d5c7f84  /usr/lib/libAudioToolboxUtility.dylib!_ZN18PropertyMarshaller11DeserializeEjRPvRjNS_13EClientServerE
== exports:*!*Authorize* (72 matches)
   0x25e0e2848  /System/Library/PrivateFrameworks/LocalAuthenticationCore.framework/Versions/A/LocalAuthenticationCore!$sSo42LACCredentialExtractablePasswordAuthorizerC23LocalAuthenticationCoreEABycfC
   0x25e0e1d90  /System/Library/PrivateFrameworks/LocalAuthenticationCore.framework/Versions/A/LocalAuthenticationCore!$sSo42LACCredentialExtractablePasswordAuthorizerC23LocalAuthenticationCoreE9acmHelper12featureFlags10signPosterABSo12LACACMHelper_p_So19LACFlagsCredentials_pSo0A21SignpostEventProvider_ptcfc
   0x25e0e2880  /System/Library/PrivateFrameworks/LocalAuthenticationCore.framework/Versions/A/LocalAuthenticationCore!$sSo42LACCredentialExtractablePasswordAuthorizerC23LocalAuthenticationCoreEABycfc
   0x25e0e1b6c  /System/Library/PrivateFrameworks/LocalAuthenticationCore.framework/Versions/A/LocalAuthenticationCore!$sSo42LACCredentialExtractablePasswordAuthorizerC23LocalAuthenticationCoreE9acmHelperABSo12LACACMHelper_p_tcfC
   0x25e0e1e7c  /System/Library/PrivateFrameworks/LocalAuthenticationCore.framework/Versions/A/LocalAuthenticationCore!$sSo42LACCredentialExtractablePasswordAuthorizerC23LocalAuthenticationCoreE022checkOriginatorCanReadB10CredentialyySo17LACOriginatorProt_pKF
   0x25e0e3488  /System/Library/PrivateFrameworks/LocalAuthenticationCore.framework/Versions/A/LocalAuthenticationCore!$sSo42LACCredentialExtractablePasswordAuthorizerCMa
   0x25e0e2510  /System/Library/PrivateFrameworks/LocalAuthenticationCore.framework/Versions/A/LocalAuthenticationCore!$sSo42LACCredentialExtractablePasswordAuthorizerC23LocalAuthenticationCoreE023checkOriginatorCanWriteB10CredentialyySo17LACOriginatorProt_pKF
   0x25e0e1bb8  /System/Library/PrivateFrameworks/LocalAuthenticationCore.framework/Versions/A/LocalAuthenticationCore!$sSo42LACCredentialExtractablePasswordAuthorizerC23LocalAuthenticationCoreE9acmHelperABSo12LACACMHelper_p_tcfc
   0x25e0e1d1c  /System/Library/PrivateFrameworks/LocalAuthenticationCore.framework/Versions/A/LocalAuthenticationCore!$sSo42LACCredentialExtractablePasswordAuthorizerC23LocalAuthenticationCoreE9acmHelper12featureFlags10signPosterABSo12LACACMHelper_p_So19LACFlagsCredentials_pSo0A21SignpostEventProvider_ptcfC
   0x1ae64dc10  /System/Library/PrivateFrameworks/AVFCapture.framework/Versions/A/AVFCapture!AVCaptureSessionSetAuthorizedToUseCameraInMultipleForegroundAppLayout
   0x1ae64cbc0  /System/Library/PrivateFrameworks/AVFCapture.framework/Versions/A/AVFCapture!AVCaptureSessionSetXCTestClientAuthorizedToStealDevice
   0x1a54ff04c  /System/Library/PrivateFrameworks/AVFoundationCF.framework/Versions/A/AVFoundationCF!AVCFPlayerItemIsApplicationAuthorizedForPlayback
   0x1a54ff128  /System/Library/PrivateFrameworks/AVFoundationCF.framework/Versions/A/AVFoundationCF!AVCFPlayerItemIsContentAuthorizedForPlayback
   0x199d41074  /System/Library/Frameworks/CoreWLAN.framework/Versions/A/CoreWLAN!CWAuthorizeRight
   0x199d3f3a4  /System/Library/Frameworks/CoreWLAN.framework/Versions/A/CoreWLAN!CWPreAuthorizeRight
   0x199d50b64  /System/Library/Frameworks/CoreWLAN.framework/Versions/A/CoreWLAN!locationServicesAuthorizedForPID
   0x199d50b38  /System/Library/Frameworks/CoreWLAN.framework/Versions/A/CoreWLAN!locationServicesAuthorizedForCurrentProcess
   0x2327b6b44  /System/Library/Frameworks/LightweightCodeRequirements.framework/Versions/A/LightweightCodeRequirements!$s27LightweightCodeRequirements26OnAuthorizedAuthAPFSVolumeV6encode2toys7Encoder_p_tKF
   0x2327bf1d8  /System/Library/Frameworks/LightweightCodeRequirements.framework/Versions/A/LightweightCodeRequirements!$s27LightweightCodeRequirements26OnAuthorizedAuthAPFSVolumeVMa
   0x2327b6a68  /System/Library/Frameworks/LightweightCodeRequirements.framework/Versions/A/LightweightCodeRequirements!$s27LightweightCodeRequirements26OnAuthorizedAuthAPFSVolumeVACycfC
   0x2327b6b88  /System/Library/Frameworks/LightweightCodeRequirements.framework/Versions/A/LightweightCodeRequirements!$s27LightweightCodeRequirements26OnAuthorizedAuthAPFSVolumeV4fromACs7Decoder_p_tKcfC
   0x2327b6a90  /System/Library/Frameworks/LightweightCodeRequirements.framework/Versions/A/LightweightCodeRequirements!$s27LightweightCodeRequirements26OnAuthorizedAuthAPFSVolumeVyACSbcfC
   0x1ab9cb51c  /System/Library/PrivateFrameworks/DisplayServices.framework/Versions/A/DisplayServices!DisplayServicesGetAuthorized
   0x1ab9cb4c8  /System/Library/PrivateFrameworks/DisplayServices.framework/Versions/A/DisplayServices!DisplayServicesSetAuthorized
   0x26cc0e4fc  /System/Library/PrivateFrameworks/SEService.framework/Versions/A/SEService!SESEndPointAuthorizeWithAuthEx
   0x26cc0e074  /System/Library/PrivateFrameworks/SEService.framework/Versions/A/SEService!SESEndPointAuthorizeWithAuth
   0x26cc0e568  /System/Library/PrivateFrameworks/SEService.framework/Versions/A/SEService!SESEndpointPreAuthorizeWithSession
   0x26cc0e0dc  /System/Library/PrivateFrameworks/SEService.framework/Versions/A/SEService!SESEndPointAuthorizeWithSession
   0x1abc965c8  /System/Library/Frameworks/PassKit.framework/Versions/A/PassKit!PKOpenTouchIDPreferencesToAuthorizeKeyboard
   0x1abd7b174  /System/Library/Frameworks/PassKit.framework/Versions/A/PassKit!PKIsAuthorizedForEvents
   0x1abae9910  /System/Library/Frameworks/PassKit.framework/Versions/A/PassKit!$s11PassKitCore32NearbyPeerPaymentSenderUtilitiesC23generateAuthorizedQuote3for10controller10completionySo16PKCurrencyAmountC_So06PKPeerF10ControllerCySo012PKAuthorizedefK0CSg_s5Error_pSgtctFZTj
   0x1abae9924  /System/Library/Frameworks/PassKit.framework/Versions/A/PassKit!$s11PassKitCore32NearbyPeerPaymentSenderUtilitiesC23generateAuthorizedQuote3for10controllerSo012PKAuthorizedefK0CSo16PKCurrencyAmountC_So06PKPeerF10ControllerCtYaKFZTj
   0x1abae9b38  /System/Library/Frameworks/PassKit.framework/Versions/A/PassKit!$s11PassKitCore32NearbyPeerPaymentSenderUtilitiesC7perform15authorizedQuote20withReceiverMetadata10controller10Foundation4DataVSo012PKAuthorizedefK0C_AJSo06PKPeerF10ControllerCSgtYaKFZTj
   0x1ae64cbc0  /System/Library/Frameworks/AVFoundation.framework/Versions/A/AVFoundation!AVCaptureSessionSetXCTestClientAuthorizedToStealDevice
   0x1ae64dc10  /System/Library/Frameworks/AVFoundation.framework/Versions/A/AVFoundation!AVCaptureSessionSetAuthorizedToUseCameraInMultipleForegroundAppLayout
   0x1aaed8410  /System/Library/PrivateFrameworks/FamilyControls.framework/Versions/A/FamilyControls!FCAuthorizeManagedUserLogin
   0x1c612f594  /System/Library/PrivateFrameworks/IMCore.framework/Versions/A/IMCore!$s6IMCore12ImportExportO14ContactManagerC12isAuthorizedSbvg
   0x23130adac  /System/Library/Frameworks/DeviceActivity.framework/Versions/A/DeviceActivity!$s14DeviceActivity0aB13AuthorizationC12isAuthorizedySbSSFZ
   0x23130ae0c  /System/Library/Frameworks/DeviceActivity.framework/Versions/A/DeviceActivity!$s14DeviceActivity0aB13AuthorizationC12isAuthorizedSbvgZ
   0x1c1e67db0  /System/Library/PrivateFrameworks/MobileBluetooth.framework/Versions/A/MobileBluetooth!BTDeviceSetAuthorizedServices
   0x1c1e67db8  /System/Library/PrivateFrameworks/MobileBluetooth.framework/Versions/A/MobileBluetooth!BTDeviceGetAuthorizedServices
   0x18f685b9c  /System/Library/Frameworks/IOKit.framework/Versions/A/IOKit!IOServiceAuthorize
   0x288e6e59c  /usr/lib/libAppleSSE.dylib!_Z12SSEAuthorize20SSEAuthorizationTypePK8__CFDatajS2_S2_S2_S2_P22SSEValidationMechanismPS2_S5_S5_
   0x288e6e710  /usr/lib/libAppleSSE.dylib!_Z19SSEAuthorizeWithPIN20SSEAuthorizationTypePK8__CFDatajS2_S2_S2_S2_hP22SSEValidationMechanismPS2_S5_S5_S5_
   0x288e6e654  /usr/lib/libAppleSSE.dylib!_Z19SSEAuthorizeWithPIN20SSEAuthorizationTypePK8__CFDataS2_S2_S2_S2_P22SSEValidationMechanismPS2_S5_
   0x288e696b0  /usr/lib/libAppleSSE.dylib!_Z12SSEAuthorize20SSEAuthorizationTypePK8__CFDatajS2_S2_S2_S2_P22SSEValidationMechanismPS2_
   0x288e6e5f8  /usr/lib/libAppleSSE.dylib!_Z12SSEAuthorize20SSEAuthorizationTypePK8__CFDatajS2_S2_S2_S2_hP22SSEValidationMechanismPS2_S5_S5_
   0x288e6a464  /usr/lib/libAppleSSE.dylib!_Z19SSEAuthorizeWithPIN20SSEAuthorizationTypePK8__CFDatajS2_S2_S2_S2_hP22SSEValidationMechanismPS2_S5_S5_S5_PPK9__CFArray
   0x288e6e544  /usr/lib/libAppleSSE.dylib!_Z12SSEAuthorize20SSEAuthorizationTypePK8__CFDataS2_S2_S2_S2_P22SSEValidationMechanismPS2_
   0x288e6a4c0  /usr/lib/libAppleSSE.dylib!_Z32SSEAuthorizeAndSignECommerceBlobPK8__CFDatajS1_bS1_S1_S1_S1_PS1_
   0x288e6b7d0  /usr/lib/libAppleSSE.dylib!_Z23SSEAuthorizeAndSignAPDU20SSEAuthorizationTypePK8__CFDatajS2_S2_S2_S2_S2_hPS2_S3_S3_PPK9__CFArray
   0x288e6e6b0  /usr/lib/libAppleSSE.dylib!_Z19SSEAuthorizeWithPIN20SSEAuthorizationTypePK8__CFDatajS2_S2_S2_S2_P22SSEValidationMechanismPS2_S5_S5_S5_
   0x288e6e76c  /usr/lib/libAppleSSE.dylib!_Z32SSEAuthorizeAndSignECommerceBlobPK8__CFDatajS1_bS1_S1_S1_S1_hPS1_S2_S2_
   0x288e69d7c  /usr/lib/libAppleSSE.dylib!_Z19SSEAuthorizeWithPIN20SSEAuthorizationTypePK8__CFDatajS2_S2_S2_S2_P22SSEValidationMechanismPS2_S5_
   0x288e6a888  /usr/lib/libAppleSSE.dylib!_Z32SSEAuthorizeAndSignECommerceBlobPK8__CFDatajS1_bS1_S1_S1_S1_hPS1_S2_S2_PPK9__CFArray
   0x288e69d20  /usr/lib/libAppleSSE.dylib!_Z12SSEAuthorize20SSEAuthorizationTypePK8__CFDatajS2_S2_S2_S2_hP22SSEValidationMechanismPS2_S5_S5_PPK9__CFArray
   0x288e6b11c  /usr/lib/libAppleSSE.dylib!_Z23SSEAuthorizeAndSignAPDU20SSEAuthorizationTypePK8__CFDatajS2_S2_S2_S2_S2_PS2_
   0x1ac9e2904  /System/Library/Frameworks/Carbon.framework/Versions/A/Frameworks/OpenScripting.framework/Versions/A/OpenScripting!OSAIsEventAuthorized
   0x1ac9e2588  /System/Library/Frameworks/Carbon.framework/Versions/A/Frameworks/OpenScripting.framework/Versions/A/OpenScripting!OSAAuthorizeEvent
   0x1a46756b8  /System/Library/Frameworks/FileProvider.framework/Versions/A/FileProvider!FPAuthorizeCallWithAuditToken
   0x24167bc8c  /System/Library/PrivateFrameworks/AuthenticationServicesCore.framework/Versions/A/AuthenticationServicesCore!$sSo8ASCAgentC26AuthenticationServicesCoreE31isClientTCCAuthorizedWebBrowser10connection11testOptionsSbSo15NSXPCConnectionC_AC024ASCCredentialRequestTestL0CSgtFZ
   0x1bed3e4c0  /System/Library/PrivateFrameworks/Navigation.framework/Versions/A/Navigation!$sSo35MNFamiliarRouteAuthorizationCheckerC10NavigationE12isAuthorized3forSbSo0abC7PurposeV_tFZ
   0x1bed3eca0  /System/Library/PrivateFrameworks/Navigation.framework/Versions/A/Navigation!$sSo35MNFamiliarRouteAuthorizationCheckerC10NavigationE12isAuthorized3forSbSo0abC7PurposeV_tYaFZ
   0x1b1fbca44  /System/Library/Frameworks/WebKit.framework/Versions/A/Frameworks/WebCore.framework/Versions/A/WebCore!_ZN7WebCore18PaymentCoordinator19didAuthorizePaymentERKNS_7PaymentE
   0x1abc965c8  /System/Library/PrivateFrameworks/PassKitCore.framework/Versions/A/PassKitCore!PKOpenTouchIDPreferencesToAuthorizeKeyboard
   0x1abd7b174  /System/Library/PrivateFrameworks/PassKitCore.framework/Versions/A/PassKitCore!PKIsAuthorizedForEvents
   0x1abae9910  /System/Library/PrivateFrameworks/PassKitCore.framework/Versions/A/PassKitCore!$s11PassKitCore32NearbyPeerPaymentSenderUtilitiesC23generateAuthorizedQuote3for10controller10completionySo16PKCurrencyAmountC_So06PKPeerF10ControllerCySo012PKAuthorizedefK0CSg_s5Error_pSgtctFZTj
   0x1abae9924  /System/Library/PrivateFrameworks/PassKitCore.framework/Versions/A/PassKitCore!$s11PassKitCore32NearbyPeerPaymentSenderUtilitiesC23generateAuthorizedQuote3for10controllerSo012PKAuthorizedefK0CSo16PKCurrencyAmountC_So06PKPeerF10ControllerCtYaKFZTj
   0x1abae9b38  /System/Library/PrivateFrameworks/PassKitCore.framework/Versions/A/PassKitCore!$s11PassKitCore32NearbyPeerPaymentSenderUtilitiesC7perform15authorizedQuote20withReceiverMetadata10controller10Foundation4DataVSo012PKAuthorizedefK0C_AJSo06PKPeerF10ControllerCSgtYaKFZTj
   0x1ac9e2904  /System/Library/Frameworks/Carbon.framework/Versions/A/Carbon!OSAIsEventAuthorized
   0x1ac9e2588  /System/Library/Frameworks/Carbon.framework/Versions/A/Carbon!OSAAuthorizeEvent
   0x197a33be0  /System/Library/Frameworks/CoreMedia.framework/Versions/A/CoreMedia!FigAudioFormatDescriptionAudibleContentIsAuthorized
== exports:*!*Authoriz* (810 matches)
   0x18edb616c  /System/Library/Frameworks/SecurityFoundation.framework/Versions/A/SecurityFoundation!AuthorizationFree
   0x18edb7818  /System/Library/Frameworks/SecurityFoundation.framework/Versions/A/SecurityFoundation!AuthorizationHandlePreloginOverride
   0x18ee8a608  /System/Library/Frameworks/SecurityFoundation.framework/Versions/A/SecurityFoundation!SecACLUpdateAuthorizations
   0x18edb76bc  /System/Library/Frameworks/SecurityFoundation.framework/Versions/A/SecurityFoundation!AuthorizationCopyPreloginPreferencesValue
   0x18edb5dac  /System/Library/Frameworks/SecurityFoundation.framework/Versions/A/SecurityFoundation!AuthorizationMakeSafePlugin
   0x18edb55b0  /System/Library/Frameworks/SecurityFoundation.framework/Versions/A/SecurityFoundation!AuthorizationCreate
   0x18edb7d28  /System/Library/Frameworks/SecurityFoundation.framework/Versions/A/SecurityFoundation!AuthorizationExecuteWithPrivileges
   0x18edb69a8  /System/Library/Frameworks/SecurityFoundation.framework/Versions/A/SecurityFoundation!AuthorizationCopyRightsAsync
   0x18edb5fe0  /System/Library/Frameworks/SecurityFoundation.framework/Versions/A/SecurityFoundation!AuthorizationCreateWithAuditToken
   0x18edb6b9c  /System/Library/Frameworks/SecurityFoundation.framework/Versions/A/SecurityFoundation!AuthorizationCopyInfo
   0x18edb6f70  /System/Library/Frameworks/SecurityFoundation.framework/Versions/A/SecurityFoundation!AuthorizationFreeItemSet
   0x18edb6cd0  /System/Library/Frameworks/SecurityFoundation.framework/Versions/A/SecurityFoundation!AuthorizationMakeExternalForm
   0x18edb8658  /System/Library/Frameworks/SecurityFoundation.framework/Versions/A/SecurityFoundation!AuthorizationExecuteWithPrivilegesInternal
   0x18edb4fc8  /System/Library/Frameworks/SecurityFoundation.framework/Versions/A/SecurityFoundation!AuthorizationCopyPrivilegedReference
   0x18edb6e08  /System/Library/Frameworks/SecurityFoundation.framework/Versions/A/SecurityFoundation!AuthorizationCreateFromExternalForm
   0x18edb6270  /System/Library/Frameworks/SecurityFoundation.framework/Versions/A/SecurityFoundation!AuthorizationCopyRightProperties
   0x18edb7000  /System/Library/Frameworks/SecurityFoundation.framework/Versions/A/SecurityFoundation!AuthorizationRightGet
   0x18edb5f10  /System/Library/Frameworks/SecurityFoundation.framework/Versions/A/SecurityFoundation!AuthorizationRemoveSafePlugins
   0x18edb712c  /System/Library/Frameworks/SecurityFoundation.framework/Versions/A/SecurityFoundation!AuthorizationRightSet
   0x18edb7498  /System/Library/Frameworks/SecurityFoundation.framework/Versions/A/SecurityFoundation!AuthorizationRightRemove
   0x18edb63dc  /System/Library/Frameworks/SecurityFoundation.framework/Versions/A/SecurityFoundation!AuthorizationCopyRights
   0x18ee8a1e8  /System/Library/Frameworks/SecurityFoundation.framework/Versions/A/SecurityFoundation!SecACLCopyAuthorizations
   0x18edb75a0  /System/Library/Frameworks/SecurityFoundation.framework/Versions/A/SecurityFoundation!AuthorizationCopyPreloginUserDatabase
   0x18edb871c  /System/Library/Frameworks/SecurityFoundation.framework/Versions/A/SecurityFoundation!AuthorizationExecuteWithPrivilegesExternalFormInternal
   0x18edb6ae0  /System/Library/Frameworks/SecurityFoundation.framework/Versions/A/SecurityFoundation!AuthorizationDismiss
   0x18ee8a388  /System/Library/Frameworks/SecurityFoundation.framework/Versions/A/SecurityFoundation!SecACLSetAuthorizations
   0x18edb7dbc  /System/Library/Frameworks/SecurityFoundation.framework/Versions/A/SecurityFoundation!AuthorizationExecuteWithPrivilegesExternalForm
   0x18ee89fcc  /System/Library/Frameworks/SecurityFoundation.framework/Versions/A/SecurityFoundation!SecACLGetAuthorizations
   0x19f16065c  /System/Library/Frameworks/SecurityInterface.framework/Versions/A/SecurityInterface!SFAuthorizationSheetWorker
   0x195512680  /System/Library/Frameworks/ApplicationServices.framework/Versions/A/Frameworks/ATS.framework/Versions/A/Resources/libFontRegistry.dylib!XTAuthenticateAsAdminFromExternalAuthorization
   0x25e0e2848  /System/Library/PrivateFrameworks/LocalAuthenticationCore.framework/Versions/A/LocalAuthenticationCore!$sSo42LACCredentialExtractablePasswordAuthorizerC23LocalAuthenticationCoreEABycfC
   0x25e0e1d90  /System/Library/PrivateFrameworks/LocalAuthenticationCore.framework/Versions/A/LocalAuthenticationCore!$sSo42LACCredentialExtractablePasswordAuthorizerC23LocalAuthenticationCoreE9acmHelper12featureFlags10signPosterABSo12LACACMHelper_p_So19LACFlagsCredentials_pSo0A21SignpostEventProvider_ptcfc
   0x25e0e2880  /System/Library/PrivateFrameworks/LocalAuthenticationCore.framework/Versions/A/LocalAuthenticationCore!$sSo42LACCredentialExtractablePasswordAuthorizerC23LocalAuthenticationCoreEABycfc
   0x25e0e1b6c  /System/Library/PrivateFrameworks/LocalAuthenticationCore.framework/Versions/A/LocalAuthenticationCore!$sSo42LACCredentialExtractablePasswordAuthorizerC23LocalAuthenticationCoreE9acmHelperABSo12LACACMHelper_p_tcfC
   0x25e0e1e7c  /System/Library/PrivateFrameworks/LocalAuthenticationCore.framework/Versions/A/LocalAuthenticationCore!$sSo42LACCredentialExtractablePasswordAuthorizerC23LocalAuthenticationCoreE022checkOriginatorCanReadB10CredentialyySo17LACOriginatorProt_pKF
   0x25e0e3488  /System/Library/PrivateFrameworks/LocalAuthenticationCore.framework/Versions/A/LocalAuthenticationCore!$sSo42LACCredentialExtractablePasswordAuthorizerCMa
   0x25e0e2510  /System/Library/PrivateFrameworks/LocalAuthenticationCore.framework/Versions/A/LocalAuthenticationCore!$sSo42LACCredentialExtractablePasswordAuthorizerC23LocalAuthenticationCoreE023checkOriginatorCanWriteB10CredentialyySo17LACOriginatorProt_pKF
   0x25e0e1bb8  /System/Library/PrivateFrameworks/LocalAuthenticationCore.framework/Versions/A/LocalAuthenticationCore!$sSo42LACCredentialExtractablePasswordAuthorizerC23LocalAuthenticationCoreE9acmHelperABSo12LACACMHelper_p_tcfc
   0x25e0e1d1c  /System/Library/PrivateFrameworks/LocalAuthenticationCore.framework/Versions/A/LocalAuthenticationCore!$sSo42LACCredentialExtractablePasswordAuthorizerC23LocalAuthenticationCoreE9acmHelper12featureFlags10signPosterABSo12LACACMHelper_p_So19LACFlagsCredentials_pSo0A21SignpostEventProvider_ptcfC
   0x1ae64dc10  /System/Library/PrivateFrameworks/AVFCapture.framework/Versions/A/AVFCapture!AVCaptureSessionSetAuthorizedToUseCameraInMultipleForegroundAppLayout
   0x1ae64cbc0  /System/Library/PrivateFrameworks/AVFCapture.framework/Versions/A/AVFCapture!AVCaptureSessionSetXCTestClientAuthorizedToStealDevice
   0x1b6938270  /System/Library/Frameworks/CoreMotion.framework/Versions/A/CoreMotion!CLSetClientTransientAuthorizationInfo
   0x1b693766c  /System/Library/Frameworks/CoreMotion.framework/Versions/A/CoreMotion!CLApplyArchivedAuthorizationDecisions
   0x1b69377c8  /System/Library/Frameworks/CoreMotion.framework/Versions/A/CoreMotion!CLGetArchivedAuthorizationDecisions
   0x1b693983c  /System/Library/Frameworks/CoreMotion.framework/Versions/A/CoreMotion!CLInternalSetPinnedLocationAuthorization
   0x1b69380fc  /System/Library/Frameworks/CoreMotion.framework/Versions/A/CoreMotion!CLGetClientTransientAuthorizationInfo
   0x1b6939998  /System/Library/Frameworks/CoreMotion.framework/Versions/A/CoreMotion!CLInternalGetPinnedLocationAuthorizationState
   0x191163a54  /System/Library/PrivateFrameworks/DesktopServicesPriv.framework/Versions/A/DesktopServicesPriv!NodeOperateWithAuthorizationData
   0x1aaf7ba78  /System/Library/PrivateFrameworks/MediaRemote.framework/Versions/A/MediaRemote!MRMediaRemoteServicePresentRouteAuthorizationStatus
   0x1ab01c5f8  /System/Library/PrivateFrameworks/MediaRemote.framework/Versions/A/MediaRemote!_MRPromptForRouteAuthorizationMessageProtobufReadFrom
   0x1aaf9ab94  /System/Library/PrivateFrameworks/MediaRemote.framework/Versions/A/MediaRemote!_MRPromptForRouteAuthorizationResponseMessageProtobufReadFrom
   0x1ab0866f0  /System/Library/PrivateFrameworks/MediaRemote.framework/Versions/A/MediaRemote!_MRPresentRouteAuthorizationStatusMessageProtobufReadFrom
   0x1ab0b4268  /System/Library/PrivateFrameworks/MediaRemote.framework/Versions/A/MediaRemote!MRMediaRemoteAirPlayReceiverCopyAuthorizationString
   0x1aaf7ba60  /System/Library/PrivateFrameworks/MediaRemote.framework/Versions/A/MediaRemote!MRMediaRemoteServicePromptRouteAuthorization
   0x1ab13ca3c  /System/Library/PrivateFrameworks/MediaRemote.framework/Versions/A/MediaRemote!MRAVOutputDeviceRequiresAuthorization
   0x1a54ffd80  /System/Library/PrivateFrameworks/AVFoundationCF.framework/Versions/A/AVFoundationCF!_AVCFPlayerItemSetApplicationAuthorizationChallengeResponse
   0x1a54ff04c  /System/Library/PrivateFrameworks/AVFoundationCF.framework/Versions/A/AVFoundationCF!AVCFPlayerItemIsApplicationAuthorizedForPlayback
   0x1a54ff128  /System/Library/PrivateFrameworks/AVFoundationCF.framework/Versions/A/AVFoundationCF!AVCFPlayerItemIsContentAuthorizedForPlayback
   0x1a54ffbbc  /System/Library/PrivateFrameworks/AVFoundationCF.framework/Versions/A/AVFoundationCF!_AVCFPlayerItemCopyApplicationAuthorizationChallengeProvider
   0x1a54ff030  /System/Library/PrivateFrameworks/AVFoundationCF.framework/Versions/A/AVFoundationCF!AVCFPlayerItemIsAuthorizationRequiredForPlayback
   0x1a54ffcbc  /System/Library/PrivateFrameworks/AVFoundationCF.framework/Versions/A/AVFoundationCF!_AVCFPlayerItemCopyApplicationAuthorizationChallenge
   0x1be463d34  /usr/lib/swift/libswiftCoreLocation.dylib!$s12CoreLocation16CLServiceSessionC24AuthorizationRequirementO4hash4intoys6HasherVz_tF
   0x1be46248c  /usr/lib/swift/libswiftCoreLocation.dylib!$s12CoreLocation16CLServiceSessionC13authorizationA2C24AuthorizationRequirementO_tcfc
   0x1be462f44  /usr/lib/swift/libswiftCoreLocation.dylib!$s12CoreLocation16CLServiceSessionC10DiagnosticV25alwaysAuthorizationDeniedSbvg
   0x1be465908  /usr/lib/swift/libswiftCoreLocation.dylib!$s12CoreLocation16CLServiceSessionC24AuthorizationRequirementOMa
   0x1be46261c  /usr/lib/swift/libswiftCoreLocation.dylib!$s12CoreLocation16CLServiceSessionC13authorization22fullAccuracyPurposeKeyA2C24AuthorizationRequirementO_SStcfc
   0x1be4654a8  /usr/lib/swift/libswiftCoreLocation.dylib!$s12CoreLocation16CLServiceSessionC13authorization22fullAccuracyPurposeKeyA2C24AuthorizationRequirementO_SStcfCTj
   0x1be463d60  /usr/lib/swift/libswiftCoreLocation.dylib!$s12CoreLocation16CLServiceSessionC24AuthorizationRequirementO9hashValueSivg
   0x1be465494  /usr/lib/swift/libswiftCoreLocation.dylib!$s12CoreLocation16CLServiceSessionC13authorizationA2C24AuthorizationRequirementO_tcfCTj
   0x1be463d20  /usr/lib/swift/libswiftCoreLocation.dylib!$s12CoreLocation16CLServiceSessionC24AuthorizationRequirementO2eeoiySbAE_AEtFZ
   0x1be46244c  /usr/lib/swift/libswiftCoreLocation.dylib!$s12CoreLocation16CLServiceSessionC13authorizationA2C24AuthorizationRequirementO_tcfC
   0x1be4625c4  /usr/lib/swift/libswiftCoreLocation.dylib!$s12CoreLocation16CLServiceSessionC13authorization22fullAccuracyPurposeKeyA2C24AuthorizationRequirementO_SStcfC
   0x2432a3b88  /System/Library/PrivateFrameworks/CalendarDaemon.framework/Versions/A/CalendarDaemon!CalRequestAuthorizationForServiceWithCompletion
   0x2432a3a88  /System/Library/PrivateFrameworks/CalendarDaemon.framework/Versions/A/CalendarDaemon!CalAuthorizationStatusFromTCCAuthRight
   0x199d41074  /System/Library/Frameworks/CoreWLAN.framework/Versions/A/CoreWLAN!CWAuthorizeRight
   0x199d3f3a4  /System/Library/Frameworks/CoreWLAN.framework/Versions/A/CoreWLAN!CWPreAuthorizeRight
   0x199d50b64  /System/Library/Frameworks/CoreWLAN.framework/Versions/A/CoreWLAN!locationServicesAuthorizedForPID
   0x199d50b38  /System/Library/Frameworks/CoreWLAN.framework/Versions/A/CoreWLAN!locationServicesAuthorizedForCurrentProcess
   0x1a0d1df3c  /System/Library/Frameworks/IOBluetooth.framework/Versions/A/IOBluetooth!OBEXAddAuthorizationResponseHeader
   0x1a0d1ded0  /System/Library/Frameworks/IOBluetooth.framework/Versions/A/IOBluetooth!OBEXAddAuthorizationChallengeHeader
   ... +730 more
== exports:*!*Pairing* (569 matches)
   0x18ed3f6d0  /System/Library/Frameworks/SecurityFoundation.framework/Versions/A/SecurityFoundation!SecPolicyCreateLockdownPairing
   0x1ab0930f4  /System/Library/PrivateFrameworks/MediaRemote.framework/Versions/A/MediaRemote!MRPairedDeviceSetIsPairingAllowed
   0x1ab1ca568  /System/Library/PrivateFrameworks/MediaRemote.framework/Versions/A/MediaRemote!MRMediaRemoteCompletePairingHandler
   0x1ab092fb4  /System/Library/PrivateFrameworks/MediaRemote.framework/Versions/A/MediaRemote!MRPairedDeviceIsPairingAllowed
   0x1aaff9704  /System/Library/PrivateFrameworks/MediaRemote.framework/Versions/A/MediaRemote!MRTelevisionIsPairingAllowed
   0x1ab092ddc  /System/Library/PrivateFrameworks/MediaRemote.framework/Versions/A/MediaRemote!MRPairedDeviceCopyLocalReceiverPairingIdentity
   0x1ab1284e0  /System/Library/PrivateFrameworks/MediaRemote.framework/Versions/A/MediaRemote!MRExternalDeviceSetPairingCallback
   0x1aaff9700  /System/Library/PrivateFrameworks/MediaRemote.framework/Versions/A/MediaRemote!MRTelevisionSetPairingCallback
   0x1ab1ca480  /System/Library/PrivateFrameworks/MediaRemote.framework/Versions/A/MediaRemote!MRMediaRemoteRegisterPairingHandler
   0x1ab1ca4f4  /System/Library/PrivateFrameworks/MediaRemote.framework/Versions/A/MediaRemote!MRMediaRemoteUnregisterPairingHandler
   0x1aaff80ac  /System/Library/PrivateFrameworks/MediaRemote.framework/Versions/A/MediaRemote!MRTelevisionSetPinPairingCallback
   0x1ab0930fc  /System/Library/PrivateFrameworks/MediaRemote.framework/Versions/A/MediaRemote!MRPairedDeviceSetSupportsSystemPairing
   0x1aaff9708  /System/Library/PrivateFrameworks/MediaRemote.framework/Versions/A/MediaRemote!MRTelevisionSetPairingAllowedCallback
   0x1ab12856c  /System/Library/PrivateFrameworks/MediaRemote.framework/Versions/A/MediaRemote!MRExternalDeviceIsPairingAllowed
   0x1ab0b3638  /System/Library/PrivateFrameworks/MediaRemote.framework/Versions/A/MediaRemote!MRMediaRemoteAirPlayReceiverCopyPairingIdentity
   0x1ab1c891c  /System/Library/PrivateFrameworks/MediaRemote.framework/Versions/A/MediaRemote!MRMediaRemoteGetLocalReceiverPairingIdentity
   0x1ab1ab330  /System/Library/PrivateFrameworks/MediaRemote.framework/Versions/A/MediaRemote!_MRCryptoPairingMessageProtobufReadFrom
   0x1ab090bb4  /System/Library/PrivateFrameworks/MediaRemote.framework/Versions/A/MediaRemote!MRTelevisionServiceDeletePairingIdentity
   0x1ab092fb8  /System/Library/PrivateFrameworks/MediaRemote.framework/Versions/A/MediaRemote!MRPairedDeviceSupportsSystemPairing
   0x1ab1285d8  /System/Library/PrivateFrameworks/MediaRemote.framework/Versions/A/MediaRemote!MRExternalDeviceSetPairingAllowedCallback
   0x1a0d16120  /System/Library/Frameworks/IOBluetooth.framework/Versions/A/IOBluetooth!IOBluetoothPreferenceSetFTPRequiresPairing
   0x1a0d1612c  /System/Library/Frameworks/IOBluetooth.framework/Versions/A/IOBluetooth!IOBluetoothPreferenceSetOPPRequiresPairing
   0x1a0d16124  /System/Library/Frameworks/IOBluetooth.framework/Versions/A/IOBluetooth!IOBluetoothPreferenceGetOPPRequiresPairing
   0x1a0d16118  /System/Library/Frameworks/IOBluetooth.framework/Versions/A/IOBluetooth!IOBluetoothPreferenceGetFTPRequiresPairing
   0x232986bd4  /System/Library/Frameworks/ManagedSettings.framework/Versions/A/ManagedSettings!$s15ManagedSettings29TemporaryPairingConfigurationV13unpairingTimeAcA09UnpairingG0O_tcfC
   0x2329884c0  /System/Library/Frameworks/ManagedSettings.framework/Versions/A/ManagedSettings!$s15ManagedSettings014AudioAccessoryB0V29temporaryPairingConfigurationAA09TemporaryfG0VSgvM
   0x232988214  /System/Library/Frameworks/ManagedSettings.framework/Versions/A/ManagedSettings!$s15ManagedSettings014AudioAccessoryB0V29temporaryPairingConfigurationAA09TemporaryfG0VSgvg
   0x232988424  /System/Library/Frameworks/ManagedSettings.framework/Versions/A/ManagedSettings!$s15ManagedSettings014AudioAccessoryB0V29temporaryPairingConfigurationAA09TemporaryfG0VSgvs
   0x232987858  /System/Library/Frameworks/ManagedSettings.framework/Versions/A/ManagedSettings!$s15ManagedSettings29TemporaryPairingConfigurationV13unpairingTimeAA09UnpairingG0Ovg
   0x2329886ec  /System/Library/Frameworks/ManagedSettings.framework/Versions/A/ManagedSettings!$s15ManagedSettings014AudioAccessoryB0V29temporaryPairingConfigurationAA15SettingMetadataVyAA09TemporaryfG0VSgGvgZ
   0x232938fb0  /System/Library/Frameworks/ManagedSettings.framework/Versions/A/ManagedSettings!$s15ManagedSettings29TemporaryPairingConfigurationV16persistableValueSo8NSObjectCSgyF
   0x23298786c  /System/Library/Frameworks/ManagedSettings.framework/Versions/A/ManagedSettings!$s15ManagedSettings29TemporaryPairingConfigurationV11descriptionSSvg
   0x232988010  /System/Library/Frameworks/ManagedSettings.framework/Versions/A/ManagedSettings!$s15ManagedSettings014AudioAccessoryB0V20denyTemporaryPairingSbSgvM
   0x232988c0c  /System/Library/Frameworks/ManagedSettings.framework/Versions/A/ManagedSettings!$s15ManagedSettings29TemporaryPairingConfigurationVMa
   0x2329880e8  /System/Library/Frameworks/ManagedSettings.framework/Versions/A/ManagedSettings!$s15ManagedSettings014AudioAccessoryB0V29effectiveDenyTemporaryPairingSbSgvg
   0x2329881a0  /System/Library/Frameworks/ManagedSettings.framework/Versions/A/ManagedSettings!$s15ManagedSettings014AudioAccessoryB0V20denyTemporaryPairingAA15SettingMetadataVySbGvgZ
   0x232987970  /System/Library/Frameworks/ManagedSettings.framework/Versions/A/ManagedSettings!$s15ManagedSettings29TemporaryPairingConfigurationV2eeoiySbAC_ACtFZ
   0x232987de8  /System/Library/Frameworks/ManagedSettings.framework/Versions/A/ManagedSettings!$s15ManagedSettings014AudioAccessoryB0V20denyTemporaryPairingSbSgvg
   0x2329390cc  /System/Library/Frameworks/ManagedSettings.framework/Versions/A/ManagedSettings!$s15ManagedSettings29TemporaryPairingConfigurationV5value4fromACSgSo8NSObjectCSg_tFZ
   0x2329885c4  /System/Library/Frameworks/ManagedSettings.framework/Versions/A/ManagedSettings!$s15ManagedSettings014AudioAccessoryB0V38effectiveTemporaryPairingConfigurationAA0fgH0VSgvg
   0x232987f98  /System/Library/Frameworks/ManagedSettings.framework/Versions/A/ManagedSettings!$s15ManagedSettings014AudioAccessoryB0V20denyTemporaryPairingSbSgvs
   0x193784f78  /System/Library/Frameworks/Network.framework/Versions/A/Network!$s7Network14NWPairingValueO6encode2toys7Encoder_p_tKF
   0x19371c2b8  /System/Library/Frameworks/Network.framework/Versions/A/Network!$s7Network9NWBrowserC10DescriptorO20PairingConfigurationVMa
   0x19370d7b0  /System/Library/Frameworks/Network.framework/Versions/A/Network!$s7Network9NWBrowserC10DescriptorO20PairingConfigurationV4fromAGs7Decoder_p_tKcfC
   0x193780af4  /System/Library/Frameworks/Network.framework/Versions/A/Network!$s7Network10NWListenerC7ServiceV20PairingConfigurationV22advertiseSensitiveInfoSbvM
   0x193780ae4  /System/Library/Frameworks/Network.framework/Versions/A/Network!$s7Network10NWListenerC7ServiceV20PairingConfigurationV22advertiseSensitiveInfoSbvg
   0x193780aec  /System/Library/Frameworks/Network.framework/Versions/A/Network!$s7Network10NWListenerC7ServiceV20PairingConfigurationV22advertiseSensitiveInfoSbvs
   0x19370d430  /System/Library/Frameworks/Network.framework/Versions/A/Network!$s7Network9NWBrowserC10DescriptorO20PairingConfigurationV09preferredD5TypesAGSayAA13NWPairingTypeOG_tcfC
   0x193780990  /System/Library/Frameworks/Network.framework/Versions/A/Network!$s7Network10NWListenerC7ServiceV20PairingConfigurationV11pairingData10Foundation0G0VSgvM
   0x193780924  /System/Library/Frameworks/Network.framework/Versions/A/Network!$s7Network10NWListenerC7ServiceV20PairingConfigurationV11pairingData10Foundation0G0VSgvg
   0x19370d38c  /System/Library/Frameworks/Network.framework/Versions/A/Network!$s7Network9NWBrowserC10DescriptorO20PairingConfigurationV11pairingTypeAgA09NWPairingG0O_tcfC
   0x193780958  /System/Library/Frameworks/Network.framework/Versions/A/Network!$s7Network10NWListenerC7ServiceV20PairingConfigurationV11pairingData10Foundation0G0VSgvs
   0x193784578  /System/Library/Frameworks/Network.framework/Versions/A/Network!$s7Network13NWPairingTypeO2eeoiySbAC_ACtFZ
   0x193780b30  /System/Library/Frameworks/Network.framework/Versions/A/Network!$s7Network10NWListenerC7ServiceV20PairingConfigurationV09supportedD5Types12pairingValue08generatedI11ImmediatelyAGSayAA13NWPairingTypeOG_AA0lI0OSgSbtcfC
   0x193780a10  /System/Library/Frameworks/Network.framework/Versions/A/Network!$s7Network10NWListenerC7ServiceV20PairingConfigurationV08generateD16ValueImmediatelySbvM
   0x193784858  /System/Library/Frameworks/Network.framework/Versions/A/Network!$s7Network13NWPairingTypeO4hash4intoys6HasherVz_tF
   0x193780a00  /System/Library/Frameworks/Network.framework/Versions/A/Network!$s7Network10NWListenerC7ServiceV20PairingConfigurationV08generateD16ValueImmediatelySbvg
   0x193780a08  /System/Library/Frameworks/Network.framework/Versions/A/Network!$s7Network10NWListenerC7ServiceV20PairingConfigurationV08generateD16ValueImmediatelySbvs
   0x193786cfc  /System/Library/Frameworks/Network.framework/Versions/A/Network!$s7Network10NWListenerC7ServiceV20PairingConfigurationVMa
   0x193786dc8  /System/Library/Frameworks/Network.framework/Versions/A/Network!$s7Network13NWPairingTypeOMa
   0x19370d5e0  /System/Library/Frameworks/Network.framework/Versions/A/Network!$s7Network9NWBrowserC10DescriptorO20PairingConfigurationV6encode2toys7Encoder_p_tKF
   0x193781b04  /System/Library/Frameworks/Network.framework/Versions/A/Network!$s7Network10NWListenerC7ServiceV4name20pairingConfigurationAESS_AE07PairingF0VtcfC
   0x19370d410  /System/Library/Frameworks/Network.framework/Versions/A/Network!$s7Network9NWBrowserC10DescriptorO20PairingConfigurationV09preferredD5TypesSayAA13NWPairingTypeOGvM
   0x193780fa0  /System/Library/Frameworks/Network.framework/Versions/A/Network!$s7Network10NWListenerC7ServiceV20PairingConfigurationV4fromAGs7Decoder_p_tKcfC
   0x19370d3dc  /System/Library/Frameworks/Network.framework/Versions/A/Network!$s7Network9NWBrowserC10DescriptorO20PairingConfigurationV09preferredD5TypesSayAA13NWPairingTypeOGvg
   0x19370d3e4  /System/Library/Frameworks/Network.framework/Versions/A/Network!$s7Network9NWBrowserC10DescriptorO20PairingConfigurationV09preferredD5TypesSayAA13NWPairingTypeOGvs
   0x193780ac4  /System/Library/Frameworks/Network.framework/Versions/A/Network!$s7Network10NWListenerC7ServiceV20PairingConfigurationV09supportedD5TypesSayAA13NWPairingTypeOGvM
   0x193780a90  /System/Library/Frameworks/Network.framework/Versions/A/Network!$s7Network10NWListenerC7ServiceV20PairingConfigurationV09supportedD5TypesSayAA13NWPairingTypeOGvg
   0x193780a98  /System/Library/Frameworks/Network.framework/Versions/A/Network!$s7Network10NWListenerC7ServiceV20PairingConfigurationV09supportedD5TypesSayAA13NWPairingTypeOGvs
   0x193785178  /System/Library/Frameworks/Network.framework/Versions/A/Network!$s7Network14NWPairingValueO4fromACs7Decoder_p_tKcfC
   0x193780a70  /System/Library/Frameworks/Network.framework/Versions/A/Network!$s7Network10NWListenerC7ServiceV20PairingConfigurationV12pairingValueAA09NWPairingG0OSgvM
   0x193780a30  /System/Library/Frameworks/Network.framework/Versions/A/Network!$s7Network10NWListenerC7ServiceV20PairingConfigurationV12pairingValueAA09NWPairingG0OSgvg
   0x193780a3c  /System/Library/Frameworks/Network.framework/Versions/A/Network!$s7Network10NWListenerC7ServiceV20PairingConfigurationV12pairingValueAA09NWPairingG0OSgvs
   0x19370e94c  /System/Library/Frameworks/Network.framework/Versions/A/Network!$s7Network9NWBrowserC10DescriptorO4name20pairingConfigurationAESS_AE07PairingF0VtcfC
   0x193784880  /System/Library/Frameworks/Network.framework/Versions/A/Network!$s7Network13NWPairingTypeO9hashValueSivg
   0x19370d36c  /System/Library/Frameworks/Network.framework/Versions/A/Network!$s7Network9NWBrowserC10DescriptorO20PairingConfigurationV11pairingTypeAA09NWPairingG0OvM
   0x19370d364  /System/Library/Frameworks/Network.framework/Versions/A/Network!$s7Network9NWBrowserC10DescriptorO20PairingConfigurationV11pairingTypeAA09NWPairingG0Ovg
   0x19370d368  /System/Library/Frameworks/Network.framework/Versions/A/Network!$s7Network9NWBrowserC10DescriptorO20PairingConfigurationV11pairingTypeAA09NWPairingG0Ovs
   0x193786dd8  /System/Library/Frameworks/Network.framework/Versions/A/Network!$s7Network14NWPairingValueOMa
   0x1937809b0  /System/Library/Frameworks/Network.framework/Versions/A/Network!$s7Network10NWListenerC7ServiceV20PairingConfigurationV09supportedD5Types11pairingDataAGSayAA13NWPairingTypeOG_10Foundation0I0VSgtcfC
   ... +489 more
== exports:*!*RemoteManagement* (64 matches)
   0x1a9011fbc  /System/Library/PrivateFrameworks/ConfigurationProfiles.framework/Versions/A/ConfigurationProfiles!CP_RemoteManagementGetSystemMDMProperty
   0x1a9011bc4  /System/Library/PrivateFrameworks/ConfigurationProfiles.framework/Versions/A/ConfigurationProfiles!CP_RemoteManagementCheckIn
   0x1a9011f04  /System/Library/PrivateFrameworks/ConfigurationProfiles.framework/Versions/A/ConfigurationProfiles!CP_RemoteManagementSetSystemMDMProperty
   0x1a9011fa8  /System/Library/PrivateFrameworks/ConfigurationProfiles.framework/Versions/A/ConfigurationProfiles!CP_RemoteManagementSetUserMDMProperty
   0x1a9011b14  /System/Library/PrivateFrameworks/ConfigurationProfiles.framework/Versions/A/ConfigurationProfiles!CP_SetEnrolledWithRemoteManagement
   0x1a9011eec  /System/Library/PrivateFrameworks/ConfigurationProfiles.framework/Versions/A/ConfigurationProfiles!CP_RemoteManagementStartDownloadDataAtURL
   0x1a9011b0c  /System/Library/PrivateFrameworks/ConfigurationProfiles.framework/Versions/A/ConfigurationProfiles!CP_IsEnrolledWithRemoteManagement
   0x1a9011c58  /System/Library/PrivateFrameworks/ConfigurationProfiles.framework/Versions/A/ConfigurationProfiles!CP_RemoteManagementFetchDataAtURL
   0x1a9011ed4  /System/Library/PrivateFrameworks/ConfigurationProfiles.framework/Versions/A/ConfigurationProfiles!CP_RemoteManagementStartFetchDataAtURL
   0x1a901206c  /System/Library/PrivateFrameworks/ConfigurationProfiles.framework/Versions/A/ConfigurationProfiles!CP_RemoteManagementGetUserMDMProperty
   0x1ee8abe20  /System/Library/PrivateFrameworks/RemoteManagement.framework/Versions/A/RemoteManagement!$s16RemoteManagement15ManagedKeychainC21assetKeysForPasswords5scope7personaSaySSGAA7MKScopeO_SSSgtKFTj
   0x1ee8abb34  /System/Library/PrivateFrameworks/RemoteManagement.framework/Versions/A/RemoteManagement!$s16RemoteManagement15ManagedKeychainC17storeACMEIdentity12directoryURL16clientIdentifier7keySize0K4Type13hardwareBound7subject0P7AltName10usageFlags16extendedKeyUsage6attest16isUserEnrollment05assetV05scope7personaySS_SSSuSSSbSaySaySaySSGGGSDySSypGSgSuASS2bSSAA7MKScopeOSSSgtKFTj
   0x1ee8abfd0  /System/Library/PrivateFrameworks/RemoteManagement.framework/Versions/A/RemoteManagement!$s16RemoteManagement15ManagedKeychainC10debugState5scope7personaSDySSypGAA7MKScopeO_SSSgtFTj
   0x1ee8a0924  /System/Library/PrivateFrameworks/RemoteManagement.framework/Versions/A/RemoteManagement!$s16RemoteManagement15ManagedKeychainC23repoAccessGroupOverrideACSSSg_tcfC
   0x1ee8abc90  /System/Library/PrivateFrameworks/RemoteManagement.framework/Versions/A/RemoteManagement!$s16RemoteManagement15ManagedKeychainC14assignIdentity12withAssetKey5scope7persona015toConfigurationI013accessibility11accessGroup10Foundation4DataVSS_AA7MKScopeOSSSgSSyXlSStKFTj
   0x1ee8cf728  /System/Library/PrivateFrameworks/RemoteManagement.framework/Versions/A/RemoteManagement!$s16RemoteManagement19RMManagedTrustStoreCACycfC
   0x1ee8ab960  /System/Library/PrivateFrameworks/RemoteManagement.framework/Versions/A/RemoteManagement!$s16RemoteManagement15ManagedKeychainC23repoAccessGroupOverrideACSSSg_tcfCTj
   0x1ee8abc04  /System/Library/PrivateFrameworks/RemoteManagement.framework/Versions/A/RemoteManagement!$s16RemoteManagement15ManagedKeychainC11hasAssetFor8assetKey5scope7personaSbSS_AA7MKScopeOSSSgtFTj
   0x1ee8a0acc  /System/Library/PrivateFrameworks/RemoteManagement.framework/Versions/A/RemoteManagement!$s16RemoteManagement15ManagedKeychainC16assignedUserNameSSvgZ
   0x1ee8abd48  /System/Library/PrivateFrameworks/RemoteManagement.framework/Versions/A/RemoteManagement!$s16RemoteManagement15ManagedKeychainC17unassignAllAssets20fromConfigurationKey5scope7personaySS_AA7MKScopeOSSSgtKFTj
   0x1ee8aca54  /System/Library/PrivateFrameworks/RemoteManagement.framework/Versions/A/RemoteManagement!$s16RemoteManagement21ManagedKeychainPublicCMa
   0x1ee8abdd8  /System/Library/PrivateFrameworks/RemoteManagement.framework/Versions/A/RemoteManagement!$s16RemoteManagement15ManagedKeychainC22assetKeysForIdentities5scope7personaSaySSGAA7MKScopeO_SSSgtKFTj
   0x1ee8abce8  /System/Library/PrivateFrameworks/RemoteManagement.framework/Versions/A/RemoteManagement!$s16RemoteManagement15ManagedKeychainC14assignPassword12withAssetKey5scope7persona015toConfigurationI013accessibility11accessGroup14returnUserName10Foundation4DataVSS_AA7MKScopeOSSSgSSyXlSSSAySo8NSStringCSgGSgtKFTj
   0x1ee8a5f28  /System/Library/PrivateFrameworks/RemoteManagement.framework/Versions/A/RemoteManagement!$s16RemoteManagement15ManagedKeychainCACycfC
   0x1ee8a5f5c  /System/Library/PrivateFrameworks/RemoteManagement.framework/Versions/A/RemoteManagement!$s16RemoteManagement15ManagedKeychainCACycfc
   0x1ee8aca90  /System/Library/PrivateFrameworks/RemoteManagement.framework/Versions/A/RemoteManagement!$s16RemoteManagement21ManagedKeychainPublicC15copyCertificate13persistentRef5scope7personaSo03SecgI0a10Foundation4DataV_AA7MKScopeOSSSgtKFZTj
   0x1ee8cc8b4  /System/Library/PrivateFrameworks/RemoteManagement.framework/Versions/A/RemoteManagement!$s16RemoteManagement7MKScopeO8rawValueSivg
   0x1ee8a09a8  /System/Library/PrivateFrameworks/RemoteManagement.framework/Versions/A/RemoteManagement!$s16RemoteManagement15ManagedKeychainC14sharedInstanceACvgZ
   0x1ee8aba14  /System/Library/PrivateFrameworks/RemoteManagement.framework/Versions/A/RemoteManagement!$s16RemoteManagement15ManagedKeychainC5store7pemData8assetKey5scope7personay10Foundation0G0V_SSAA7MKScopeOSSSgtKFTj
   0x1ee8cf75c  /System/Library/PrivateFrameworks/RemoteManagement.framework/Versions/A/RemoteManagement!$s16RemoteManagement19RMManagedTrustStoreC14sharedInstanceACvgZ
   0x1ee8a5fbc  /System/Library/PrivateFrameworks/RemoteManagement.framework/Versions/A/RemoteManagement!$s16RemoteManagement15ManagedKeychainCfD
   0x1ee8ab948  /System/Library/PrivateFrameworks/RemoteManagement.framework/Versions/A/RemoteManagement!$s16RemoteManagement15ManagedKeychainCMu
   0x1ee8cfd88  /System/Library/PrivateFrameworks/RemoteManagement.framework/Versions/A/RemoteManagement!$s16RemoteManagement19RMManagedTrustStoreCMu
   0x1ee8cc8b8  /System/Library/PrivateFrameworks/RemoteManagement.framework/Versions/A/RemoteManagement!$s16RemoteManagement7MKScopeO8rawValueACSgSi_tcfC
   0x1ee8abf88  /System/Library/PrivateFrameworks/RemoteManagement.framework/Versions/A/RemoteManagement!$s16RemoteManagement15ManagedKeychainC41unassignAssetsNotMatchingStoreIdentifiers_5scope7personayShySSG_AA7MKScopeOSSSgtKFTj
   0x1ee8ab9cc  /System/Library/PrivateFrameworks/RemoteManagement.framework/Versions/A/RemoteManagement!$s16RemoteManagement15ManagedKeychainC5store7derData8assetKey5scope7personay10Foundation0G0V_SSAA7MKScopeOSSSgtKFTj
   0x1ee8abab4  /System/Library/PrivateFrameworks/RemoteManagement.framework/Versions/A/RemoteManagement!$s16RemoteManagement15ManagedKeychainC17storeSCEPIdentity3url14caInstanceName0H11Fingerprint0H12Capabilities9challenge7subject7keySize10usageFlags0n3AltJ07retries10retryDelay8assetKey5scope7personaySS_SSSg10Foundation4DataVSgSaySSGSgASSaySayAXGGSgS2uSDySSypGSgSus6UInt32VSSAA7MKScopeOAStKFTj
   0x1ee8abf40  /System/Library/PrivateFrameworks/RemoteManagement.framework/Versions/A/RemoteManagement!$s16RemoteManagement15ManagedKeychainC39removeAssetsNotMatchingStoreIdentifiers_5scope7personayShySSG_AA7MKScopeOSSSgtKFTj
   0x1ee8cfb44  /System/Library/PrivateFrameworks/RemoteManagement.framework/Versions/A/RemoteManagement!$s16RemoteManagement19RMManagedTrustStoreCfD
   0x1ee8abeb0  /System/Library/PrivateFrameworks/RemoteManagement.framework/Versions/A/RemoteManagement!$s16RemoteManagement15ManagedKeychainC25certificatePersistentRefs9assetKeys5scope7personaSDySS10Foundation4DataVGSaySSG_AA7MKScopeOSSSgtKFTj
   0x1ee8abe68  /System/Library/PrivateFrameworks/RemoteManagement.framework/Versions/A/RemoteManagement!$s16RemoteManagement15ManagedKeychainC24certificatePersistentRef8assetKey5scope7persona10Foundation4DataVSS_AA7MKScopeOSSSgtKFTj
   0x1ee8a0a60  /System/Library/PrivateFrameworks/RemoteManagement.framework/Versions/A/RemoteManagement!$s16RemoteManagement15ManagedKeychainC21assignedPersistentRefSSvgZ
   0x1ee8aba5c  /System/Library/PrivateFrameworks/RemoteManagement.framework/Versions/A/RemoteManagement!$s16RemoteManagement15ManagedKeychainC5store8password8userName8assetKey5scope7personaySS_S2SAA7MKScopeOSSSgtKFTj
   0x1ee8ab974  /System/Library/PrivateFrameworks/RemoteManagement.framework/Versions/A/RemoteManagement!$s16RemoteManagement15ManagedKeychainC5store10pkcs12Data8password8assetKey5scope7personay10Foundation0G0V_S2SAA7MKScopeOSSSgtKFTj
   0x1ee8cfde8  /System/Library/PrivateFrameworks/RemoteManagement.framework/Versions/A/RemoteManagement!$s16RemoteManagement19RMManagedTrustStoreC06removeD017forCertificateRef16configurationKey04fullD05scope7personay10Foundation4DataV_SSSbAA7MKScopeOSSSgtKFTj
   0x1ee8abef8  /System/Library/PrivateFrameworks/RemoteManagement.framework/Versions/A/RemoteManagement!$s16RemoteManagement15ManagedKeychainC15copyCertificate8assetKey5scope7personaSo03SecF3RefaSS_AA7MKScopeOSSSgtKFTj
   0x1ee8ac3a0  /System/Library/PrivateFrameworks/RemoteManagement.framework/Versions/A/RemoteManagement!$s16RemoteManagement21ManagedKeychainPublicCfD
   0x1ee8aca78  /System/Library/PrivateFrameworks/RemoteManagement.framework/Versions/A/RemoteManagement!$s16RemoteManagement21ManagedKeychainPublicCMu
   0x1ee8cfda0  /System/Library/PrivateFrameworks/RemoteManagement.framework/Versions/A/RemoteManagement!$s16RemoteManagement19RMManagedTrustStoreC03setD017forCertificateRef16configurationKey04fullD05scope7personay10Foundation4DataV_SSSbAA7MKScopeOSSSgtKFTj
   0x1ee8abd90  /System/Library/PrivateFrameworks/RemoteManagement.framework/Versions/A/RemoteManagement!$s16RemoteManagement15ManagedKeychainC24assetKeysForCertificates5scope7personaSaySSGAA7MKScopeO_SSSgtKFTj
   0x1ee8a0b20  /System/Library/PrivateFrameworks/RemoteManagement.framework/Versions/A/RemoteManagement!$s16RemoteManagement15ManagedKeychainC23repoAccessGroupOverrideACSSSg_tcfc
   0x1ee8cfad0  /System/Library/PrivateFrameworks/RemoteManagement.framework/Versions/A/RemoteManagement!$s16RemoteManagement19RMManagedTrustStoreCACycfc
   0x1ee8a0b88  /System/Library/PrivateFrameworks/RemoteManagement.framework/Versions/A/RemoteManagement!$s16RemoteManagement15ManagedKeychainCMa
   0x1ee8abc38  /System/Library/PrivateFrameworks/RemoteManagement.framework/Versions/A/RemoteManagement!$s16RemoteManagement15ManagedKeychainC10assignCert12withAssetKey5scope7persona015toConfigurationI013accessibility11accessGroup10Foundation4DataVSS_AA7MKScopeOSSSgSSyXlSStKFTj
   0x1ee8cfd64  /System/Library/PrivateFrameworks/RemoteManagement.framework/Versions/A/RemoteManagement!$s16RemoteManagement19RMManagedTrustStoreCMa
   0x1ee8abbbc  /System/Library/PrivateFrameworks/RemoteManagement.framework/Versions/A/RemoteManagement!$s16RemoteManagement15ManagedKeychainC6delete8assetKey5scope7personaySS_AA7MKScopeOSSSgtKFTj
   0x1ee8ac398  /System/Library/PrivateFrameworks/RemoteManagement.framework/Versions/A/RemoteManagement!$s16RemoteManagement21ManagedKeychainPublicCfd
   0x1ee8ccac4  /System/Library/PrivateFrameworks/RemoteManagement.framework/Versions/A/RemoteManagement!$s16RemoteManagement7MKScopeOMa
   0x26c06a748  /System/Library/PrivateFrameworks/RemoteManagementStore.framework/Versions/A/RemoteManagementStore!$s21RemoteManagementStore14RMAdapterErrorPAAE010underlyingE11DescriptionySSs0E0_pF
   0x26c06dc8c  /System/Library/PrivateFrameworks/RemoteManagementStore.framework/Versions/A/RemoteManagementStore!$sSo12RMErSSOStoreC21RemoteManagementStoreEABycfc
   0x26c06a528  /System/Library/PrivateFrameworks/RemoteManagementStore.framework/Versions/A/RemoteManagementStore!$s21RemoteManagementStore14RMAdapterErrorPAAE16errorDescriptionSSSgvg
   0x26c06dc54  /System/Library/PrivateFrameworks/RemoteManagementStore.framework/Versions/A/RemoteManagementStore!$sSo12RMErSSOStoreC21RemoteManagementStoreEABycfC
   0x26c06ae40  /System/Library/PrivateFrameworks/RemoteManagementStore.framework/Versions/A/RemoteManagementStore!$s21RemoteManagementStore14RMAdapterErrorP6reasonSSSg4code_SS11descriptionSo17RMModelAnyPayloadCSg7detailstvgTj
   0x26c06a588  /System/Library/PrivateFrameworks/RemoteManagementStore.framework/Versions/A/RemoteManagementStore!$s21RemoteManagementStore14RMAdapterErrorPAAE13errorUserInfoSDySSypGvg
== exports:*!*StreamMgmt* (0 matches)
== exports:*!*MalformedMessage* (0 matches)
== exports:*!*readDataCallback* (0 matches)
== exports:*!*PeerSession* (1 matches)
   0x108d43a04  /Users/chrisle/tmp/SeratoDJPro.app/Contents/qt/lib/QtNetwork.framework/Versions/A/QtNetwork!_ZN11QTlsBackend20setPeerSessionSharedEP17QSslSocketPrivateb
OBJC AVAILABLE
Error: can't decode byte 0xe8 in position 66
    at ownKeys (/frida/bridges/objc.js:1)
    at keys (native)
    at <eval> (/Users/chrisle/code/nowplaying3/packages/serato-connect/scripts/frida-discover.js:34)
--- waited 2s, exiting ---
